Flutter crash report.
Please report a bug at https://github.com/flutter/flutter/issues.

## command

flutter test

## exception

ProcessException: ProcessException: Uma política de Controle de Aplicativo bloqueou este arquivo (at ../../runtime/bin/process_win.cc:577)
  Command: C:\Src\flutter\flutter\bin\cache\artifacts\engine\windows-x64\impellerc.exe --sksl --runtime-stage-vulkan --iplr --sl=build\unit_test_assets\shaders/ink_sparkle.frag --spirv=build\unit_test_assets\shaders/ink_sparkle.frag.spirv --input=C:\Src\flutter\flutter\packages\flutter\lib\src\material\shaders\ink_sparkle.frag --input-type=frag --include=C:\Src\flutter\flutter\packages\flutter\lib\src\material\shaders --include=C:\Src\flutter\flutter\bin\cache\artifacts\engine\windows-x64\shader_lib

```
#0      _ProcessImpl._start (dart:io-patch/process_patch.dart:411:33)
#1      Process.start (dart:io-patch/process_patch.dart:42:20)
#2      _runNonInteractiveProcess (dart:io-patch/process_patch.dart:613:18)
#3      Process.run (dart:io-patch/process_patch.dart:56:12)
#4      LocalProcessManager.run (package:process/src/interface/local_process_manager.dart:72:22)
#5      ErrorHandlingProcessManager.run.<anonymous closure> (package:flutter_tools/src/base/error_handling_io.dart:1217:26)
#6      _run (package:flutter_tools/src/base/error_handling_io.dart:1050:22)
#7      ErrorHandlingProcessManager.run (package:flutter_tools/src/base/error_handling_io.dart:1215:12)
#8      ShaderCompiler.compileShader (package:flutter_tools/src/build_system/tools/shader_compiler.dart:195:56)
#9      writeBundle.<anonymous closure> (package:flutter_tools/src/bundle_builder.dart:227:46)
<asynchronous suspension>
#10     Future.wait.<anonymous closure> (dart:async/future.dart:546:21)
<asynchronous suspension>
#11     writeBundle (package:flutter_tools/src/bundle_builder.dart:171:3)
<asynchronous suspension>
#12     TestCommand._buildTestAsset (package:flutter_tools/src/commands/test.dart:801:7)
<asynchronous suspension>
#13     TestCommand.runCommand (package:flutter_tools/src/commands/test.dart:497:7)
<asynchronous suspension>
#14     FlutterCommand.run.<anonymous closure> (package:flutter_tools/src/runner/flutter_command.dart:1630:27)
<asynchronous suspension>
#15     AppContext.run.<anonymous closure> (package:flutter_tools/src/base/context.dart:154:19)
<asynchronous suspension>
#16     CommandRunner.runCommand (package:args/command_runner.dart:212:13)
<asynchronous suspension>
#17     FlutterCommandRunner.runCommand.<anonymous closure> (package:flutter_tools/src/runner/flutter_command_runner.dart:496:9)
<asynchronous suspension>
#18     AppContext.run.<anonymous closure> (package:flutter_tools/src/base/context.dart:154:19)
<asynchronous suspension>
#19     FlutterCommandRunner.runCommand (package:flutter_tools/src/runner/flutter_command_runner.dart:431:5)
<asynchronous suspension>
#20     FlutterCommandRunner.run.<anonymous closure> (package:flutter_tools/src/runner/flutter_command_runner.dart:307:33)
<asynchronous suspension>
#21     run.<anonymous closure>.<anonymous closure> (package:flutter_tools/runner.dart:104:11)
<asynchronous suspension>
#22     AppContext.run.<anonymous closure> (package:flutter_tools/src/base/context.dart:154:19)
<asynchronous suspension>
#23     main (package:flutter_tools/executable.dart:103:3)
<asynchronous suspension>
```

## flutter doctor

```
[✓] Flutter (Channel stable, 3.44.9, on Microsoft Windows [versÆo 10.0.26200.9457], locale pt-BR) [278ms]
    • Flutter version 3.44.9 on channel stable at C:\Src\flutter\flutter
    • Upstream repository https://github.com/flutter/flutter.git
    • Framework revision 6b182d2c75 (9 weeks ago), 2026-08-05 10:04:07 -0700
    • Engine revision 5a2a6a42cc
    • Dart version 3.12.2
    • DevTools version 2.57.0
    • Feature flags: enable-web, enable-linux-desktop, enable-macos-desktop, enable-windows-desktop, enable-android, enable-ios, cli-animations, enable-native-assets, enable-swift-package-manager, omit-legacy-version-file, enable-lldb-debugging, enable-uiscene-migration

[✓] Windows Version (Windows 11 or higher, 25H2, 2009) [1.149ms]

[✓] Android toolchain - develop for Android devices (Android SDK version 37.0.0) [3,5s]
    • Android SDK at C:\Users\Eu\AppData\Local\Android\sdk
    • Emulator version 36.6.11.0 (build_id 15507667) (CL:N/A)
    • Platform android-36, build-tools 37.0.0
    • Java binary at: C:\Program Files\Eclipse Adoptium\jdk-17.0.19.10-hotspot\bin\java
      This JDK is specified in your Flutter configuration.
      To change the current JDK, run: `flutter config --jdk-dir="path/to/jdk"`.
    • Java version OpenJDK Runtime Environment Temurin-17.0.19+10 (build 17.0.19+10)
    • All Android licenses accepted.

[✓] Chrome - develop for the web [108ms]
    • Chrome at C:\Program Files\Google\Chrome\Application\chrome.exe

[✓] Visual Studio - develop Windows apps (Ferramentas de Build do Visual Studio 2026 18.6.1) [107ms]
    • Visual Studio at C:\Program Files (x86)\Microsoft Visual Studio\18\BuildTools
    • Ferramentas de Build do Visual Studio 2026 version 18.6.11819.183
    • Windows 10 SDK version 10.0.26100.0

[✓] Connected device (3 available) [2,4s]
    • Windows (desktop) • windows • windows-x64    • Microsoft Windows [versÆo 10.0.26200.9457]
    • Chrome (web)      • chrome  • web-javascript • Google Chrome 154.0.8037.95
    • Edge (web)        • edge    • web-javascript • Microsoft Edge 154.0.4258.53

[✓] Network resources [390ms]
    • All expected network resources are available.

• No issues found!
```
